# Create a realistic event log format
$eventLogContent = @"
[System]
Provider[ Name="Microsoft-Windows-Security-Auditing" Guid="{54849625-5478-4994-a5ba-3e3b0328c30d}"]
EventID 4624
Level 0
Task 12544
Keywords 0x8020000000000000
TimeCreated[ SystemTime="2025-04-28T02:35:52.746134500Z"]
EventRecordID 4802342
Channel Security
Computer WIN-DC01.example.local

[EventData]
SubjectUserSid S-1-5-18
SubjectUserName SYSTEM
SubjectDomainName NT AUTHORITY
SubjectLogonId 0x3e7
TargetUserSid S-1-5-21-3623811015-3361044348-30300820-1013
TargetUserName Administrator
TargetDomainName EXAMPLE
TargetLogonId 0xa28e1
LogonType 3
LogonProcessName NtLmSsp
AuthenticationPackageName NTLM
WorkstationName WIN-ATTACKER
LogonGuid {B16ABC32-9168-5ECF-0981-CB0C50AD3ED4}
TransmittedServices -
LmPackageName NTLM V2
KeyLength 128
ProcessId 0x1b8
ProcessName C:\Windows\System32\svchost.exe
IpAddress 192.168.100.55
IpPort 51234
"@

Set-Content -Path "windows_security_event.log" -Value $eventLogContent -Encoding Ascii